//
// IR
// ------------------------------------------

FILE fqName:land.sungbin.composeinvestigator.compiler._source.lower.traceTableInstantiate fileName:composableLambdaFile.kt
  annotations:
    Suppress(names = ["unused"])
  PROPERTY name:ComposableInvalidationTraceTableImpl$ComposableLambdaFileKt visibility:private modality:FINAL [val]
    FIELD name:ComposableInvalidationTraceTableImpl$ComposableLambdaFileKt type:land.sungbin.composeinvestigator.runtime.ComposableInvalidationTraceTable visibility:private [final,static]
      EXPRESSION_BODY
        CONSTRUCTOR_CALL 'public constructor <init> () [primary] declared in land.sungbin.composeinvestigator.runtime.ComposableInvalidationTraceTable' type=land.sungbin.composeinvestigator.runtime.ComposableInvalidationTraceTable origin=null
    FUN DEFAULT_PROPERTY_ACCESSOR name:<get-ComposableInvalidationTraceTableImpl$ComposableLambdaFileKt> visibility:private modality:FINAL <> () returnType:land.sungbin.composeinvestigator.runtime.ComposableInvalidationTraceTable
      correspondingProperty: PROPERTY name:ComposableInvalidationTraceTableImpl$ComposableLambdaFileKt visibility:private modality:FINAL [val]
      BLOCK_BODY
        RETURN type=kotlin.Nothing from='private final fun <get-ComposableInvalidationTraceTableImpl$ComposableLambdaFileKt> (): land.sungbin.composeinvestigator.runtime.ComposableInvalidationTraceTable declared in land.sungbin.composeinvestigator.compiler._source.lower.traceTableInstantiate'
          GET_FIELD 'FIELD name:ComposableInvalidationTraceTableImpl$ComposableLambdaFileKt type:land.sungbin.composeinvestigator.runtime.ComposableInvalidationTraceTable visibility:private [final,static] declared in land.sungbin.composeinvestigator.compiler._source.lower.traceTableInstantiate' type=land.sungbin.composeinvestigator.runtime.ComposableInvalidationTraceTable origin=null
  FUN name:c visibility:private modality:FINAL <> (l:kotlin.Function2<androidx.compose.runtime.Composer, kotlin.Int, kotlin.Unit>) returnType:kotlin.Unit
    VALUE_PARAMETER name:l index:0 type:kotlin.Function2<androidx.compose.runtime.Composer, kotlin.Int, kotlin.Unit>
    BLOCK_BODY
      RETURN type=kotlin.Nothing from='private final fun c (l: kotlin.Function2<androidx.compose.runtime.Composer, kotlin.Int, kotlin.Unit>): kotlin.Unit declared in land.sungbin.composeinvestigator.compiler._source.lower.traceTableInstantiate'
        GET_OBJECT 'CLASS IR_EXTERNAL_DECLARATION_STUB OBJECT name:Unit modality:FINAL visibility:public superTypes:[kotlin.Any]' type=kotlin.Unit

//
// SOURCE
// ------------------------------------------

val ComposableInvalidationTraceTableImpl%ComposableLambdaFileKt: ComposableInvalidationTraceTable = ComposableInvalidationTraceTable()
private fun c(l: Function2<Composer, Int, Unit>) {
  return
}
