//
// Source
// ------------------------------------------

/*
 * Developed by Ji Sungbin 2024.
 *
 * Licensed under the MIT.
 * Please see full license: https://github.com/jisungbin/ComposeInvestigator/blob/main/LICENSE
 */

@file:Suppress("TestFunctionName")

package land.sungbin.composeinvestigator.compiler.test._source.codegen

import androidx.compose.foundation.text.BasicText
import androidx.compose.material.Button
import androidx.compose.material.Text
import androidx.compose.runtime.Composable
import androidx.compose.runtime.getValue
import androidx.compose.runtime.mutableIntStateOf
import androidx.compose.runtime.remember
import androidx.compose.runtime.setValue
import land.sungbin.composeinvestigator.runtime.NoInvestigation

@Suppress("unused")
@Composable
private fun Main() {
  var state by remember { mutableIntStateOf(0) }
  Button(onClick = { state++ }) {}
  Counter(count = state)
  Tv(title = "state", value = state)
  Hello()
}

@[NoInvestigation Composable Suppress("UnrememberedMutableState")]
private fun Counter(count: Int) {
  val state = mutableIntStateOf(count)
  Text(text = state.toString())
}

@[NoInvestigation Composable Suppress("SameParameterValue")]
private fun Tv(title: String, value: Any) {
  Text(text = "[$title] $value")
}

@Composable
private fun Hello() {
  BasicText(text = "Hello, World!")
}

//
// Transformed IR
// ------------------------------------------

val ComposableInvalidationTrackTableImpl%TestKt: ComposableInvalidationTrackTable = ComposableInvalidationTrackTable()
val ComposableCallstackTrackerImpl%TestKt: Stack<String> = Stack()
@Suppress(names = "unused")
@Composable
@ComposableTarget(applier = "androidx.compose.ui.UiComposable")
private fun Main(%composer: Composer?, %changed: Int) {
  %composer = %composer.startRestartGroup(<>)
  if (%changed != 0 || !%composer.skipping) {
    val tmp0_affectFields = mutableListOf()
    val tmp1_Main%validationReason = ComposableInvalidationTrackTableImpl%TestKt.computeInvalidationReason("fun-Main(Composer,Int)Unit/pkg-land.sungbin.composeinvestigator.compiler.test._source.codegen/file-Test.kt", tmp0_affectFields)
    ComposableInvalidationTrackTableImpl%TestKt.callListeners("fun-Main(Composer,Int)Unit/pkg-land.sungbin.composeinvestigator.compiler.test._source.codegen/file-Test.kt", AffectedComposable("Main", "land.sungbin.composeinvestigator.compiler.test._source.codegen", "/Test.kt", 24, 8), Processed(tmp1_Main%validationReason))
    ComposeInvestigatorConfig.invalidationLogger(ComposableCallstackTrackerImpl%TestKt.toList(), AffectedComposable("Main", "land.sungbin.composeinvestigator.compiler.test._source.codegen", "/Test.kt", 24, 8), Processed(tmp1_Main%validationReason))
    if (isTraceInProgress()) {
      traceEventStart(<>, %changed, -1, <>)
    }
    var state by {
      val state%delegate = %composer.startReplaceableGroup(<>)
      val tmp0_group = %composer.cache(false) {
        mutableIntStateOf(0)
      }
      %composer.endReplaceableGroup()
      tmp0_group.registerStateObjectTracking(
        composer = %composer,
        composable = AffectedComposable("Main", "land.sungbin.composeinvestigator.compiler.test._source.codegen", "/Test.kt", 24, 8),
        composableKeyName = "fun-Main(Composer,Int)Unit/pkg-land.sungbin.composeinvestigator.compiler.test._source.codegen/file-Test.kt",
        stateName = "state"
      )
      get() {
        return state%delegate.getValue(null, ::state%delegate)
      }
      set(value: Int) {
        return state%delegate.setValue(null, ::state%delegate, value)
      }
    }
    try {
      ComposableCallstackTrackerImpl%TestKt.push("land.sungbin.composeinvestigator.compiler.test._source.codegen.Main")
      Button(<block>{
        %composer.startReplaceableGroup(<>)
        val tmp1_group = %composer.cache(false) {
          {
            <get-state>()++
          }
        }
        %composer.endReplaceableGroup()
        tmp1_group
      }, null, false, null, null, null, null, null, null, ComposableSingletons%TestKt.lambda-1, %composer, 0b00110000000000000000000000000110, 0b000111111110)
    } finally {
      ComposableCallstackTrackerImpl%TestKt.pop()
    }
    try {
      ComposableCallstackTrackerImpl%TestKt.push("land.sungbin.composeinvestigator.compiler.test._source.codegen.Main")
      Counter(<get-state>(), %composer, 0)
    } finally {
      ComposableCallstackTrackerImpl%TestKt.pop()
    }
    try {
      ComposableCallstackTrackerImpl%TestKt.push("land.sungbin.composeinvestigator.compiler.test._source.codegen.Main")
      Tv("state", <get-state>(), %composer, 0b0110)
    } finally {
      ComposableCallstackTrackerImpl%TestKt.pop()
    }
    try {
      ComposableCallstackTrackerImpl%TestKt.push("land.sungbin.composeinvestigator.compiler.test._source.codegen.Main")
      Hello(%composer, 0)
    } finally {
      ComposableCallstackTrackerImpl%TestKt.pop()
    }
    if (isTraceInProgress()) {
      traceEventEnd()
    }
  } else {
    ComposableInvalidationTrackTableImpl%TestKt.callListeners("fun-Main(Composer,Int)Unit/pkg-land.sungbin.composeinvestigator.compiler.test._source.codegen/file-Test.kt", AffectedComposable("Main", "land.sungbin.composeinvestigator.compiler.test._source.codegen", "/Test.kt", 24, 8), Skipped)
    ComposeInvestigatorConfig.invalidationLogger(ComposableCallstackTrackerImpl%TestKt.toList(), AffectedComposable("Main", "land.sungbin.composeinvestigator.compiler.test._source.codegen", "/Test.kt", 24, 8), Skipped)
    %composer.skipToGroupEnd()
  }
  %composer.endRestartGroup()?.updateScope { %composer: Composer?, %force: Int ->
    ComposableInvalidationTrackTableImpl%TestKt.callListeners("fun-Main(Composer,Int)Unit/pkg-land.sungbin.composeinvestigator.compiler.test._source.codegen/file-Test.kt", AffectedComposable("Main", "land.sungbin.composeinvestigator.compiler.test._source.codegen", "/Test.kt", 24, 8), Processed(Invalidate))
    ComposeInvestigatorConfig.invalidationLogger(ComposableCallstackTrackerImpl%TestKt.toList(), AffectedComposable("Main", "land.sungbin.composeinvestigator.compiler.test._source.codegen", "/Test.kt", 24, 8), Processed(Invalidate))
    Main(%composer, updateChangedFlags(%changed or 0b0001))
  }
}
@NoInvestigation
@Composable
@Suppress(names = "UnrememberedMutableState")
@ComposableTarget(applier = "androidx.compose.ui.UiComposable")
private fun Counter(count: Int, %composer: Composer?, %changed: Int) {
  %composer = %composer.startRestartGroup(<>)
  val %dirty = %changed
  if (%changed and 0b1110 == 0) {
    %dirty = %dirty or if (%composer.changed(count)) 0b0100 else 0b0010
  }
  if (%dirty and 0b1011 != 0b0010 || !%composer.skipping) {
    if (isTraceInProgress()) {
      traceEventStart(<>, %dirty, -1, <>)
    }
    val state = mutableIntStateOf(count)
    try {
      ComposableCallstackTrackerImpl%TestKt.push("land.sungbin.composeinvestigator.compiler.test._source.codegen.Counter")
      Text(state.toString(), null, <unsafe-coerce>(0L), <unsafe-coerce>(0L), null, null, null, <unsafe-coerce>(0L), null, null, <unsafe-coerce>(0L), <unsafe-coerce>(0), false, 0, 0, null, null, %composer, 0, 0, 0b00011111111111111110)
    } finally {
      ComposableCallstackTrackerImpl%TestKt.pop()
    }
    if (isTraceInProgress()) {
      traceEventEnd()
    }
  } else {
    %composer.skipToGroupEnd()
  }
  %composer.endRestartGroup()?.updateScope { %composer: Composer?, %force: Int ->
    Counter(count, %composer, updateChangedFlags(%changed or 0b0001))
  }
}
@NoInvestigation
@Composable
@Suppress(names = "SameParameterValue")
private fun Tv(title: String, value: Any, %composer: Composer?, %changed: Int) {
  %composer = %composer.startRestartGroup(<>)
  if (isTraceInProgress()) {
    traceEventStart(<>, %changed, -1, <>)
  }
  try {
    ComposableCallstackTrackerImpl%TestKt.push("land.sungbin.composeinvestigator.compiler.test._source.codegen.Tv")
    Text("[%title] %value", null, <unsafe-coerce>(0L), <unsafe-coerce>(0L), null, null, null, <unsafe-coerce>(0L), null, null, <unsafe-coerce>(0L), <unsafe-coerce>(0), false, 0, 0, null, null, %composer, 0, 0, 0b00011111111111111110)
  } finally {
    ComposableCallstackTrackerImpl%TestKt.pop()
  }
  if (isTraceInProgress()) {
    traceEventEnd()
  }
  %composer.endRestartGroup()?.updateScope { %composer: Composer?, %force: Int ->
    Tv(title, value, %composer, updateChangedFlags(%changed or 0b0001))
  }
}
@Composable
@ComposableTarget(applier = "androidx.compose.ui.UiComposable")
private fun Hello(%composer: Composer?, %changed: Int) {
  %composer = %composer.startRestartGroup(<>)
  if (%changed != 0 || !%composer.skipping) {
    val tmp0_affectFields = mutableListOf()
    val tmp1_Hello%validationReason = ComposableInvalidationTrackTableImpl%TestKt.computeInvalidationReason("fun-Hello(Composer,Int)Unit/pkg-land.sungbin.composeinvestigator.compiler.test._source.codegen/file-Test.kt", tmp0_affectFields)
    ComposableInvalidationTrackTableImpl%TestKt.callListeners("fun-Hello(Composer,Int)Unit/pkg-land.sungbin.composeinvestigator.compiler.test._source.codegen/file-Test.kt", AffectedComposable("Hello", "land.sungbin.composeinvestigator.compiler.test._source.codegen", "/Test.kt", 44, 8), Processed(tmp1_Hello%validationReason))
    ComposeInvestigatorConfig.invalidationLogger(ComposableCallstackTrackerImpl%TestKt.toList(), AffectedComposable("Hello", "land.sungbin.composeinvestigator.compiler.test._source.codegen", "/Test.kt", 44, 8), Processed(tmp1_Hello%validationReason))
    if (isTraceInProgress()) {
      traceEventStart(<>, %changed, -1, <>)
    }
    try {
      ComposableCallstackTrackerImpl%TestKt.push("land.sungbin.composeinvestigator.compiler.test._source.codegen.Hello")
      BasicText("Hello, World!", null, null, null, <unsafe-coerce>(0), false, 0, 0, null, %composer, 0b0110, 0b000111111110)
    } finally {
      ComposableCallstackTrackerImpl%TestKt.pop()
    }
    if (isTraceInProgress()) {
      traceEventEnd()
    }
  } else {
    ComposableInvalidationTrackTableImpl%TestKt.callListeners("fun-Hello(Composer,Int)Unit/pkg-land.sungbin.composeinvestigator.compiler.test._source.codegen/file-Test.kt", AffectedComposable("Hello", "land.sungbin.composeinvestigator.compiler.test._source.codegen", "/Test.kt", 44, 8), Skipped)
    ComposeInvestigatorConfig.invalidationLogger(ComposableCallstackTrackerImpl%TestKt.toList(), AffectedComposable("Hello", "land.sungbin.composeinvestigator.compiler.test._source.codegen", "/Test.kt", 44, 8), Skipped)
    %composer.skipToGroupEnd()
  }
  %composer.endRestartGroup()?.updateScope { %composer: Composer?, %force: Int ->
    ComposableInvalidationTrackTableImpl%TestKt.callListeners("fun-Hello(Composer,Int)Unit/pkg-land.sungbin.composeinvestigator.compiler.test._source.codegen/file-Test.kt", AffectedComposable("Hello", "land.sungbin.composeinvestigator.compiler.test._source.codegen", "/Test.kt", 44, 8), Processed(Invalidate))
    ComposeInvestigatorConfig.invalidationLogger(ComposableCallstackTrackerImpl%TestKt.toList(), AffectedComposable("Hello", "land.sungbin.composeinvestigator.compiler.test._source.codegen", "/Test.kt", 44, 8), Processed(Invalidate))
    Hello(%composer, updateChangedFlags(%changed or 0b0001))
  }
}
internal object ComposableSingletons%TestKt {
  val lambda-1: @[ExtensionFunctionType] Function3<RowScope, Composer, Int, Unit> = composableLambdaInstance(<>, false) { %composer: Composer?, %changed: Int ->
    if (%changed and 0b01010001 != 0b00010000 || !%composer.skipping) {
      val tmp0_affectFields = mutableListOf()
      val tmp1_<anonymous>%validationReason = ComposableInvalidationTrackTableImpl%TestKt.computeInvalidationReason("fun-RowScope.%anonymous%(Composer,Int)Unit/arg-2/call-composableLambdaInstance/val-lambda-1/class-ComposableSingletons%TestKt/pkg-land.sungbin.composeinvestigator.compiler.test._source.codegen/file-Test.kt", tmp0_affectFields)
      ComposableInvalidationTrackTableImpl%TestKt.callListeners("fun-RowScope.%anonymous%(Composer,Int)Unit/arg-2/call-composableLambdaInstance/val-lambda-1/class-ComposableSingletons%TestKt/pkg-land.sungbin.composeinvestigator.compiler.test._source.codegen/file-Test.kt", AffectedComposable("<anonymous>", "land.sungbin.composeinvestigator.compiler.test._source.codegen.ComposableSingletons%TestKt.lambda-1", "/Test.kt", 26, 32), Processed(tmp1_<anonymous>%validationReason))
      ComposeInvestigatorConfig.invalidationLogger(ComposableCallstackTrackerImpl%TestKt.toList(), AffectedComposable("<anonymous>", "land.sungbin.composeinvestigator.compiler.test._source.codegen.ComposableSingletons%TestKt.lambda-1", "/Test.kt", 26, 32), Processed(tmp1_<anonymous>%validationReason))
      if (isTraceInProgress()) {
        traceEventStart(<>, %changed, -1, <>)
      }
      Unit
      if (isTraceInProgress()) {
        traceEventEnd()
      }
    } else {
      ComposableInvalidationTrackTableImpl%TestKt.callListeners("fun-RowScope.%anonymous%(Composer,Int)Unit/arg-2/call-composableLambdaInstance/val-lambda-1/class-ComposableSingletons%TestKt/pkg-land.sungbin.composeinvestigator.compiler.test._source.codegen/file-Test.kt", AffectedComposable("<anonymous>", "land.sungbin.composeinvestigator.compiler.test._source.codegen.ComposableSingletons%TestKt.lambda-1", "/Test.kt", 26, 32), Skipped)
      ComposeInvestigatorConfig.invalidationLogger(ComposableCallstackTrackerImpl%TestKt.toList(), AffectedComposable("<anonymous>", "land.sungbin.composeinvestigator.compiler.test._source.codegen.ComposableSingletons%TestKt.lambda-1", "/Test.kt", 26, 32), Skipped)
      %composer.skipToGroupEnd()
    }
  }
}
